// Jest Snapshot v1, https://goo.gl/fbAQLP

exports[`renders SeriesReviewPage page 1`] = `<div />`;
