// Jest Snapshot v1, https://goo.gl/fbAQLP

exports[`renders MovieReviewPage page 1`] = `<div />`;
