// Jest Snapshot v1, https://goo.gl/fbAQLP

exports[`renders EpisodePage page 1`] = `<div />`;

exports[`renders SingleSeriesPage page 1`] = `<div />`;
