// Jest Snapshot v1, https://goo.gl/fbAQLP

exports[`renders EpisodeReviewPage page 1`] = `<div />`;

exports[`renders MovieReviewPage component 1`] = `<div />`;
