// Jest Snapshot v1, https://goo.gl/fbAQLP

exports[`renders MovieReviewPage component 1`] = `<div />`;

exports[`renders SeasonReviewPage page 1`] = `<div />`;
